// Jest Snapshot v1, https://goo.gl/fbAQLP

exports[`match TimeAvailable 1`] = `
<ul
  className="MuiList-root MuiList-padding MuiList-dense css-1mcnwpj-MuiList-root"
/>
`;
